// Jest Snapshot v1, https://goo.gl/fbAQLP

exports[`MovieForm component should match snapshot 1`] = `
<form>
  <div
    class="wrapper"
  >
    <div
      class="inputWrapper"
    >
      <label
        for="title"
      >
        Title
      </label>
      <input
        id="movieName"
        name="movieName"
        placeholder=""
        type="text"
        value=""
      />
    </div>
    <div
      class="inputWrapper"
    >
      <label
        for="releaseYear"
      >
        Release Date
      </label>
      <input
        id="releaseYear"
        max="2222"
        min="1997"
        name="releaseYear"
        placeholder="Select Date"
        step="1"
        type="date"
        value="0"
      />
    </div>
    <div
      class="inputWrapper"
    >
      <label
        for="url"
      >
        Movie Url
      </label>
      <input
        id="url"
        name="url"
        placeholder=""
        type="text"
        value=""
      />
    </div>
    <div
      class="inputWrapper"
    >
      <label
        for="rating"
      >
        Rating
      </label>
      <input
        id="rating"
        name="rating"
        placeholder=""
        type="number"
        value="0"
      />
    </div>
    <div
      class="inputWrapper"
    >
      <label
        for="genre"
      >
        Genre
      </label>
      <select
        id="genre"
        name="genre"
      >
        <option
          value="All"
        >
          All
        </option>
      </select>
    </div>
    <div
      class="inputWrapper"
    >
      <label
        for="duration"
      >
        Runtime
      </label>
      <input
        id="duration"
        name="duration"
        placeholder=""
        type="number"
        value="0"
      />
    </div>
    <div
      class="inputWrapper fullWidth"
    >
      <label
        for="description"
      >
        Overview
      </label>
      <textarea
        id="description"
        name="description"
        placeholder="Movie description"
        rows="5"
      />
    </div>
  </div>
  <div
    class="formActions"
  >
    <button
      class="button"
      type="reset"
    >
      Reset
    </button>
    <button
      class="button"
      type="submit"
    >
      Submit
    </button>
  </div>
</form>
`;
